#Prog type threads real user sys cumIterations cumSeconds locks/sec
./jibbrish-mylock-0.exe 2 0 3.521000 3.510000 0.000000 100000000 1.952426 51218332.681892
./jibbrish-mylock-0.exe 2 0 3.552000 3.540000 0.000000 100000000 1.969742 50768077.143563
./jibbrish-mylock-0.exe 2 0 3.624000 3.610000 0.000000 100000000 2.009130 49772799.191820
./jibbrish-mylock-0.exe 2 0 3.635000 3.620000 0.000000 100000000 2.015070 49626059.675364
./jibbrish-mylock-0.exe 2 0 3.647000 3.630000 0.000000 100000000 2.067995 48356009.366516
./jibbrish-mylock-0.exe 2 0 3.584000 3.570000 0.000000 100000000 1.986706 50334586.555313
./jibbrish-mylock-0.exe 2 0 3.588000 3.570000 0.000000 100000000 1.989249 50270236.478617
./jibbrish-mylock-0.exe 2 0 3.547000 3.540000 0.000000 100000000 1.966020 50864185.435235
./jibbrish-mylock-0.exe 2 0 3.565000 3.550000 0.000000 100000000 1.976583 50592370.253179
./jibbrish-mylock-0.exe 2 0 3.565000 3.550000 0.000000 100000000 1.976412 50596732.781453
./jibbrish-mylock-1.exe 2 1 12.441000 23.760000 0.000000 200000000 15.422069 12968428.932773
./jibbrish-mylock-1.exe 2 1 13.486000 26.460000 0.000000 200000000 17.328560 11541640.219597
./jibbrish-mylock-1.exe 2 1 14.104000 28.030000 0.000000 200000000 17.866221 11194308.863256
./jibbrish-mylock-1.exe 2 1 14.823000 29.120000 0.000000 200000000 19.059842 10493266.649151
./jibbrish-mylock-1.exe 2 1 13.112000 25.720000 0.000000 200000000 16.634368 12023300.507606
./jibbrish-mylock-1.exe 2 1 12.921000 25.340000 0.000000 200000000 16.123048 12404602.742957
./jibbrish-mylock-1.exe 2 1 13.009000 25.560000 0.000000 200000000 16.272545 12290640.425192
./jibbrish-mylock-1.exe 2 1 13.495000 26.110000 0.000000 200000000 17.107453 11690811.306447
./jibbrish-mylock-1.exe 2 1 13.059000 25.600000 0.000000 200000000 16.430630 12172387.587376
./jibbrish-mylock-1.exe 2 1 14.636000 29.040000 0.000000 200000000 18.492911 10814954.840193
./jibbrish-mylock-2.exe 2 2 19.686000 58.180000 0.000000 300000000 39.019962 7688372.436529
./jibbrish-mylock-2.exe 2 2 20.852000 61.220000 0.000000 300000000 41.823975 7172919.414785
./jibbrish-mylock-2.exe 2 2 20.752000 61.120000 0.000000 300000000 41.130831 7293798.736349
./jibbrish-mylock-2.exe 2 2 19.884000 58.870000 0.000000 300000000 39.219412 7649273.324243
./jibbrish-mylock-2.exe 2 2 20.911000 60.740000 0.000000 300000000 40.511367 7405328.995408
./jibbrish-mylock-2.exe 2 2 20.662000 60.340000 0.000000 300000000 40.492045 7408862.568933
./jibbrish-mylock-2.exe 2 2 19.893000 57.850000 0.000000 300000000 38.186549 7856169.393619
./jibbrish-mylock-2.exe 2 2 20.021000 58.640000 0.000000 300000000 39.467822 7601128.776562
./jibbrish-mylock-2.exe 2 2 19.855000 58.320000 0.000000 300000000 39.264711 7640448.402673
./jibbrish-mylock-2.exe 2 2 20.717000 60.800000 0.000000 300000000 41.026590 7312330.909226
./jibbrish-mylock-3.exe 2 3 28.235000 112.240000 0.000000 400000000 75.946187 5266887.223315
./jibbrish-mylock-3.exe 2 3 28.432000 112.760000 0.000000 400000000 76.798077 5208463.771442
./jibbrish-mylock-3.exe 2 3 29.834000 118.160000 0.000000 400000000 80.109846 4993144.059130
./jibbrish-mylock-3.exe 2 3 28.609000 113.770000 0.000000 400000000 76.982084 5196014.172882
./jibbrish-mylock-3.exe 2 3 29.410000 116.330000 0.010000 400000000 79.683973 5019830.034122
./jibbrish-mylock-3.exe 2 3 28.612000 113.960000 0.000000 400000000 78.335421 5106246.862805
./jibbrish-mylock-3.exe 2 3 29.064000 115.380000 0.000000 400000000 79.085519 5057815.977386
./jibbrish-mylock-3.exe 2 3 28.663000 113.900000 0.000000 400000000 78.360286 5104626.624584
./jibbrish-mylock-3.exe 2 3 27.663000 109.150000 0.000000 400000000 72.613508 5508616.929617
./jibbrish-mylock-3.exe 2 3 28.576000 112.140000 0.000000 400000000 77.156441 5184272.305530
./jibbrish-mylock-4.exe 2 4 31.824000 156.020000 0.000000 500000000 109.301254 4574512.929630
./jibbrish-mylock-4.exe 2 4 32.266000 159.130000 0.000000 500000000 112.747170 4434701.122101
./jibbrish-mylock-4.exe 2 4 31.801000 157.420000 0.000000 500000000 112.568362 4441745.371596
./jibbrish-mylock-4.exe 2 4 32.612000 159.780000 0.000000 500000000 113.473852 4406301.457870
./jibbrish-mylock-4.exe 2 4 32.360000 157.100000 0.000000 500000000 109.005453 4586926.506302
./jibbrish-mylock-4.exe 2 4 32.279000 158.990000 0.010000 500000000 111.872617 4469368.944430
./jibbrish-mylock-4.exe 2 4 31.747000 155.580000 0.000000 500000000 109.180557 4579569.986582
./jibbrish-mylock-4.exe 2 4 33.916000 166.740000 0.000000 500000000 121.842226 4103667.655449
./jibbrish-mylock-4.exe 2 4 32.274000 159.690000 0.000000 500000000 112.795031 4432819.403613
./jibbrish-mylock-4.exe 2 4 31.801000 157.640000 0.000000 500000000 109.731353 4556582.837728
./jibbrish-mylock-5.exe 2 5 36.843000 211.020000 0.000000 600000000 152.529341 3933669.384141
./jibbrish-mylock-5.exe 2 5 37.474000 212.520000 0.000000 600000000 153.854962 3899776.719873
./jibbrish-mylock-5.exe 2 5 35.341000 203.320000 0.000000 600000000 144.153122 4162240.764627
./jibbrish-mylock-5.exe 2 5 38.184000 217.150000 0.000000 600000000 157.434267 3811114.376996
./jibbrish-mylock-5.exe 2 5 37.579000 213.910000 0.000000 600000000 155.005674 3870826.037063
./jibbrish-mylock-5.exe 2 5 37.016000 213.530000 0.000000 600000000 152.594105 3931999.863967
./jibbrish-mylock-5.exe 2 5 36.878000 212.010000 0.000000 600000000 153.045115 3920412.619866
./jibbrish-mylock-5.exe 2 5 36.909000 209.630000 0.000000 600000000 150.541258 3985618.346598
./jibbrish-mylock-5.exe 2 5 37.255000 212.180000 0.000000 600000000 153.017305 3921125.118292
./jibbrish-mylock-5.exe 2 5 37.195000 214.370000 0.000000 600000000 151.651458 3956440.703805
./jibbrish-mylock-6.exe 2 6 43.886000 289.420000 0.000000 700000000 207.674133 3370665.333455
./jibbrish-mylock-6.exe 2 6 42.836000 279.030000 0.000000 700000000 201.533524 3473367.539239
./jibbrish-mylock-6.exe 2 6 43.714000 285.600000 0.000000 700000000 204.997219 3414680.466365
./jibbrish-mylock-6.exe 2 6 43.252000 281.390000 0.000000 700000000 202.131847 3463086.159236
./jibbrish-mylock-6.exe 2 6 43.824000 286.610000 0.010000 700000000 206.524103 3389434.888530
./jibbrish-mylock-6.exe 2 6 50.019000 329.430000 0.000000 700000000 247.174374 2832008.786388
./jibbrish-mylock-6.exe 2 6 42.775000 279.050000 0.000000 700000000 202.018737 3465025.124206
./jibbrish-mylock-6.exe 2 6 44.283000 287.750000 0.000000 700000000 210.028869 3332875.158415
./jibbrish-mylock-6.exe 2 6 46.352000 303.010000 0.050000 700000000 225.400781 3105579.297835
./jibbrish-mylock-6.exe 2 6 43.983000 285.550000 0.000000 700000000 205.641868 3403976.087328
./jibbrish-mylock-7.exe 2 7 50.541000 374.160000 0.000000 800000000 267.271583 2993210.095971
./jibbrish-mylock-7.exe 2 7 51.355000 376.430000 0.000000 800000000 272.228206 2938710.916363
./jibbrish-mylock-7.exe 2 7 49.596000 363.950000 0.000000 800000000 260.406983 3072114.235894
./jibbrish-mylock-7.exe 2 7 48.275000 355.560000 0.000000 800000000 253.964496 3150046.609602
./jibbrish-mylock-7.exe 2 7 49.839000 366.340000 0.000000 800000000 260.840681 3067006.249715
./jibbrish-mylock-7.exe 2 7 55.977000 418.020000 0.010000 800000000 310.992558 2572408.826684
./jibbrish-mylock-7.exe 2 7 50.608000 371.620000 0.030000 800000000 265.347498 3014914.428147
./jibbrish-mylock-7.exe 2 7 48.870000 361.000000 0.000000 800000000 259.979386 3077167.050941
./jibbrish-mylock-7.exe 2 7 50.214000 369.070000 0.000000 800000000 263.461327 3036498.785780
./jibbrish-mylock-7.exe 2 7 48.060000 353.800000 0.000000 800000000 248.910059 3214012.336334
./jibbrish-mylock-8.exe 2 8 55.684000 458.540000 0.000000 900000000 322.313806 2792309.805220
./jibbrish-mylock-8.exe 2 8 55.331000 458.210000 0.000000 900000000 323.045837 2785982.350309
./jibbrish-mylock-8.exe 2 8 60.175000 497.630000 0.030000 900000000 359.385285 2504276.158703
./jibbrish-mylock-8.exe 2 8 58.402000 481.710000 0.000000 900000000 343.041220 2623591.419036
./jibbrish-mylock-8.exe 2 8 65.512000 549.460000 0.000000 900000000 409.541057 2197581.863077
./jibbrish-mylock-8.exe 2 8 54.489000 449.280000 0.000000 900000000 317.135474 2837903.906094
./jibbrish-mylock-8.exe 2 8 54.366000 450.860000 0.000000 900000000 317.890813 2831160.773574
./jibbrish-mylock-8.exe 2 8 54.773000 452.790000 0.000000 900000000 318.663247 2824298.086289
./jibbrish-mylock-8.exe 2 8 59.986000 499.210000 0.000000 900000000 364.257870 2470777.087107
./jibbrish-mylock-8.exe 2 8 61.281000 510.240000 0.000000 900000000 376.481662 2390554.684861
./jibbrish-mylock-9.exe 2 9 61.375000 561.110000 0.000000 1000000000 394.215194 2536685.585662
./jibbrish-mylock-9.exe 2 9 65.290000 595.490000 0.000000 1000000000 421.034965 2375099.657086
./jibbrish-mylock-9.exe 2 9 60.953000 557.220000 0.000000 1000000000 389.294764 2568747.626477
./jibbrish-mylock-9.exe 2 9 74.566000 687.880000 0.000000 1000000000 509.022896 1964548.171351
./jibbrish-mylock-9.exe 2 9 61.617000 565.110000 0.000000 1000000000 397.558503 2515353.067680
./jibbrish-mylock-9.exe 2 9 62.615000 573.340000 0.010000 1000000000 405.475088 2466242.756868
./jibbrish-mylock-9.exe 2 9 65.824000 607.930000 0.010000 1000000000 434.915841 2299295.418129
./jibbrish-mylock-9.exe 2 9 62.009000 566.730000 0.000000 1000000000 398.497931 2509423.315222
./jibbrish-mylock-9.exe 2 9 73.013000 674.360000 0.000000 1000000000 497.624756 2009546.324854
./jibbrish-mylock-9.exe 2 9 62.268000 570.570000 0.000000 1000000000 403.643083 2477436.233988
./jibbrish-mylock-10.exe 2 10 77.612000 759.840000 0.000000 1100000000 594.547155 1850147.613607
./jibbrish-mylock-10.exe 2 10 84.770000 841.010000 0.000000 1100000000 692.375593 1588733.068330
./jibbrish-mylock-10.exe 2 10 81.949000 797.800000 0.010000 1100000000 637.037644 1726742.541698
./jibbrish-mylock-10.exe 2 10 80.968000 798.870000 0.000000 1100000000 647.372717 1699175.716737
./jibbrish-mylock-10.exe 2 10 78.153000 763.770000 0.000000 1100000000 600.507295 1831784.573236
./jibbrish-mylock-10.exe 2 10 81.619000 794.080000 0.000000 1100000000 633.229164 1737127.823858
./jibbrish-mylock-10.exe 2 10 84.304000 833.890000 0.000000 1100000000 679.916174 1617846.497252
./jibbrish-mylock-10.exe 2 10 80.408000 782.030000 0.000000 1100000000 616.748172 1783548.050196
./jibbrish-mylock-10.exe 2 10 85.809000 848.800000 0.000000 1100000000 700.524140 1570252.811934
./jibbrish-mylock-10.exe 2 10 89.675000 889.390000 0.000000 1100000000 734.294641 1498036.263082
./jibbrish-mylock-11.exe 2 11 87.018000 930.120000 0.000000 1200000000 731.941615 1639475.027634
./jibbrish-mylock-11.exe 2 11 86.768000 929.760000 0.010000 1200000000 739.078543 1623643.402966
./jibbrish-mylock-11.exe 2 11 91.637000 990.190000 0.000000 1200000000 803.936862 1492654.531489
./jibbrish-mylock-11.exe 2 11 90.358000 966.810000 0.000000 1200000000 776.723962 1544950.406088
./jibbrish-mylock-11.exe 2 11 87.228000 930.510000 0.010000 1200000000 733.215274 1636627.117441
./jibbrish-mylock-11.exe 2 11 97.744000 1056.660000 0.020000 1200000000 871.703499 1376614.871021
./jibbrish-mylock-11.exe 2 11 85.746000 916.270000 0.000000 1200000000 726.098803 1652667.645775
./jibbrish-mylock-11.exe 2 11 88.259000 944.930000 0.000000 1200000000 752.519435 1594643.199567
./jibbrish-mylock-11.exe 2 11 89.515000 954.780000 0.010000 1200000000 760.655328 1577587.056008
./jibbrish-mylock-11.exe 2 11 89.773000 957.050000 0.000000 1200000000 768.789646 1560895.111176
./jibbrish-mylock-12.exe 2 12 94.897000 1092.670000 0.000000 1300000000 866.420225 1500426.655637
./jibbrish-mylock-12.exe 2 12 107.586000 1260.120000 0.010000 1300000000 1043.083571 1246304.741084
./jibbrish-mylock-12.exe 2 12 98.346000 1135.040000 0.000000 1300000000 904.684552 1436964.958174
./jibbrish-mylock-12.exe 2 12 102.368000 1189.070000 0.050000 1300000000 958.981088 1355605.461699
./jibbrish-mylock-12.exe 2 12 98.218000 1138.080000 0.020000 1300000000 912.636526 1424444.412971
./jibbrish-mylock-12.exe 2 12 102.278000 1186.760000 0.020000 1300000000 962.092683 1351221.169219
./jibbrish-mylock-12.exe 2 12 95.721000 1099.470000 0.000000 1300000000 855.206834 1520100.107109
./jibbrish-mylock-12.exe 2 12 110.618000 1301.170000 0.000000 1300000000 1078.397300 1205492.632744
./jibbrish-mylock-12.exe 2 12 104.060000 1215.070000 0.000000 1300000000 993.831332 1308069.043638
./jibbrish-mylock-12.exe 2 12 102.668000 1193.300000 0.000000 1300000000 967.475307 1343703.545366
./jibbrish-mylock-13.exe 2 13 119.810000 1517.150000 0.000000 1400000000 1255.851215 1114781.738268
./jibbrish-mylock-13.exe 2 13 116.198000 1467.710000 0.000000 1400000000 1218.504881 1148949.028860
./jibbrish-mylock-13.exe 2 13 109.961000 1383.190000 0.010000 1400000000 1142.737112 1225128.671782
./jibbrish-mylock-13.exe 2 13 111.929000 1418.780000 0.010000 1400000000 1163.973799 1202776.214943
./jibbrish-mylock-13.exe 2 13 113.267000 1427.930000 0.010000 1400000000 1170.293763 1196280.835288
./jibbrish-mylock-13.exe 2 13 121.610000 1541.090000 0.060000 1400000000 1282.521496 1091599.637281
./jibbrish-mylock-13.exe 2 13 106.675000 1328.430000 0.000000 1400000000 1058.472377 1322660.875240
./jibbrish-mylock-13.exe 2 13 110.538000 1394.120000 0.000000 1400000000 1141.168110 1226813.111609
./jibbrish-mylock-13.exe 2 13 108.885000 1364.300000 0.000000 1400000000 1104.944220 1267032.285660
./jibbrish-mylock-13.exe 2 13 116.710000 1483.960000 0.020000 1400000000 1231.153447 1137145.011024
./jibbrish-mylock-14.exe 2 14 132.488000 1809.070000 0.000000 1500000000 1504.954725 996707.724857
./jibbrish-mylock-14.exe 2 14 122.118000 1654.220000 0.000000 1500000000 1352.981724 1108662.425466
./jibbrish-mylock-14.exe 2 14 125.408000 1703.950000 0.000000 1500000000 1400.711953 1070883.986556
./jibbrish-mylock-14.exe 2 14 136.536000 1873.320000 0.020000 1500000000 1571.607997 954436.477002
./jibbrish-mylock-14.exe 2 14 132.007000 1811.440000 0.010000 1500000000 1511.095659 992657.209728
./jibbrish-mylock-14.exe 2 14 134.907000 1845.050000 0.000000 1500000000 1540.979222 973407.024912
./jibbrish-mylock-14.exe 2 14 120.600000 1638.320000 0.010000 1500000000 1339.416610 1119890.546707
./jibbrish-mylock-14.exe 2 14 119.930000 1632.920000 0.010000 1500000000 1334.093405 1124359.054614
./jibbrish-mylock-14.exe 2 14 137.766000 1896.400000 0.000000 1500000000 1594.958133 940463.557693
./jibbrish-mylock-14.exe 2 14 119.241000 1620.720000 0.000000 1500000000 1319.680965 1136638.354480
./jibbrish-mylock-15.exe 2 15 138.658000 2019.700000 0.000000 1600000000 1661.831517 962793.149601
./jibbrish-mylock-15.exe 2 15 147.942000 2176.050000 0.010000 1600000000 1830.448533 874102.697185
./jibbrish-mylock-15.exe 2 15 132.372000 1916.470000 0.000000 1600000000 1559.122720 1026218.128409
./jibbrish-mylock-15.exe 2 15 136.995000 1990.960000 0.000000 1600000000 1635.221462 978460.739145
./jibbrish-mylock-15.exe 2 15 140.780000 2055.660000 0.010000 1600000000 1702.110531 940009.459218
./jibbrish-mylock-15.exe 2 15 136.504000 1993.350000 0.000000 1600000000 1635.507492 978289.618237
./jibbrish-mylock-15.exe 2 15 135.811000 1979.300000 0.000000 1600000000 1620.630275 987270.215284
./jibbrish-mylock-15.exe 2 15 127.220000 1842.890000 0.000000 1600000000 1485.879422 1076803.391117
./jibbrish-mylock-15.exe 2 15 146.475000 2156.950000 0.020000 1600000000 1804.112753 886862.529909
./jibbrish-mylock-15.exe 2 15 134.389000 1958.960000 0.000000 1600000000 1603.974274 997522.233590
./jibbrish-mylock-16.exe 2 16 139.232000 2162.130000 0.010000 1700000000 1757.233371 967429.840587
./jibbrish-mylock-16.exe 2 16 163.728000 2574.820000 0.050000 1700000000 2163.565857 785739.890763
./jibbrish-mylock-16.exe 2 16 157.901000 2469.730000 0.010000 1700000000 2061.806202 824519.782027
./jibbrish-mylock-16.exe 2 16 152.323000 2391.860000 0.010000 1700000000 1989.787132 854362.747132
./jibbrish-mylock-16.exe 2 16 157.572000 2461.950000 0.040000 1700000000 2051.545818 828643.447893
./jibbrish-mylock-16.exe 2 16 154.587000 2407.020000 0.010000 1700000000 1977.280063 859766.925354
./jibbrish-mylock-16.exe 2 16 154.585000 2407.230000 0.000000 1700000000 1993.892688 852603.557795
./jibbrish-mylock-16.exe 2 16 157.914000 2469.620000 0.000000 1700000000 2070.371998 821108.477985
./jibbrish-mylock-16.exe 2 16 135.012000 2086.340000 0.010000 1700000000 1682.109486 1010635.760448
./jibbrish-mylock-16.exe 2 16 158.695000 2492.730000 0.010000 1700000000 2091.233538 812917.337619
./jibbrish-mylock-17.exe 2 17 172.345000 2894.860000 0.000000 1800000000 2427.710206 741439.400591
./jibbrish-mylock-17.exe 2 17 183.030000 3088.840000 0.010000 1800000000 2611.787755 689183.107181
./jibbrish-mylock-17.exe 2 17 166.487000 2781.720000 0.000000 1800000000 2319.653874 775977.838991
./jibbrish-mylock-17.exe 2 17 173.768000 2893.060000 0.000000 1800000000 2414.195200 745590.083094
./jibbrish-mylock-17.exe 2 17 169.674000 2832.830000 0.000000 1800000000 2359.280520 762944.459008
./jibbrish-mylock-17.exe 2 17 166.841000 2775.890000 0.000000 1800000000 2305.843472 780625.407643
./jibbrish-mylock-17.exe 2 17 172.232000 2859.570000 0.000000 1800000000 2363.606319 761548.141884
./jibbrish-mylock-17.exe 2 17 168.638000 2803.180000 0.000000 1800000000 2324.746941 774277.822667
./jibbrish-mylock-17.exe 2 17 168.049000 2790.830000 0.000000 1800000000 2314.907302 777568.932712
./jibbrish-mylock-17.exe 2 17 177.481000 2978.530000 0.000000 1800000000 2518.308375 714765.522039
./jibbrish-mylock-18.exe 2 18 162.255000 2986.600000 0.000000 1900000000 2694.563553 705123.469005
./jibbrish-mylock-18.exe 2 18 161.177000 2954.380000 0.010000 1900000000 2655.265577 715559.308312
./jibbrish-mylock-18.exe 2 18 333.308000 6240.720000 0.070000 1900000000 6070.124719 313008.395693
./jibbrish-mylock-18.exe 2 18 293.530000 5499.970000 0.070000 1900000000 5300.832946 358434.234631
./jibbrish-mylock-18.exe 2 18 393.356000 7375.440000 0.220000 1900000000 7218.861204 263199.408641
./jibbrish-mylock-18.exe 2 18 299.832000 5604.980000 0.050000 1900000000 5402.795765 351669.780328
./jibbrish-mylock-18.exe 2 18 379.753000 7123.880000 0.100000 1900000000 6968.070246 272672.337245
./jibbrish-mylock-18.exe 2 18 279.020000 5213.570000 0.040000 1900000000 5007.641014 379420.169020
./jibbrish-mylock-18.exe 2 18 334.258000 6287.850000 0.150000 1900000000 6123.703001 310269.782790
./jibbrish-mylock-18.exe 2 18 321.264000 6019.170000 0.030000 1900000000 5835.604864 325587.500258
./jibbrish-mylock-19.exe 2 19 530.299000 10472.840000 0.080000 2000000000 10348.229030 193269.785028
./jibbrish-mylock-19.exe 2 19 457.852000 9054.140000 0.080000 2000000000 8913.934900 224367.804175
./jibbrish-mylock-19.exe 2 19 328.487000 6470.060000 0.060000 2000000000 6275.636585 318692.768915
./jibbrish-mylock-19.exe 2 19 361.448000 7135.830000 0.040000 2000000000 6953.110709 287641.040634
./jibbrish-mylock-19.exe 2 19 427.295000 8454.940000 0.070000 2000000000 8296.982222 241051.498773
./jibbrish-mylock-19.exe 2 19 412.627000 8158.280000 0.060000 2000000000 7993.187227 250213.080617
./jibbrish-mylock-19.exe 2 19 429.630000 8493.970000 0.090000 2000000000 8339.275110 239828.998769
./jibbrish-mylock-19.exe 2 19 417.781000 8243.420000 0.030000 2000000000 8096.141911 247031.243018
./jibbrish-mylock-19.exe 2 19 470.221000 9279.590000 0.180000 2000000000 9137.462163 218879.155320
./jibbrish-mylock-19.exe 2 19 473.828000 9393.600000 0.050000 2000000000 9252.547900 216156.676151
./jibbrish-mylock-20.exe 2 20 618.683000 12832.900000 0.090000 2100000000 12686.322116 165532.609126
./jibbrish-mylock-20.exe 2 20 544.416000 11287.390000 0.330000 2100000000 11113.931313 188952.040535
./jibbrish-mylock-20.exe 2 20 650.081000 13471.630000 0.090000 2100000000 13325.035070 157598.084285
./jibbrish-mylock-20.exe 2 20 594.582000 12362.060000 0.080000 2100000000 12198.569230 172151.336806
./jibbrish-mylock-20.exe 2 20 603.552000 12529.360000 0.110000 2100000000 12372.401050 169732.616289
./jibbrish-mylock-20.exe 2 20 582.969000 12120.140000 0.080000 2100000000 11951.136166 175715.511138
./jibbrish-mylock-20.exe 2 20 591.075000 12274.250000 0.070000 2100000000 12105.563751 173473.953232
./jibbrish-mylock-20.exe 2 20 568.212000 11798.520000 0.080000 2100000000 11629.578659 180574.039834
./jibbrish-mylock-20.exe 2 20 534.610000 11095.060000 0.060000 2100000000 10905.094244 192570.550325
./jibbrish-mylock-20.exe 2 20 503.480000 10456.200000 0.080000 2100000000 10275.433276 204370.944136
./jibbrish-mylock-21.exe 2 21 709.045000 15397.620000 0.110000 2200000000 15192.804985 144805.386642
./jibbrish-mylock-21.exe 2 21 593.482000 12909.160000 0.080000 2200000000 12686.235254 173416.301676
./jibbrish-mylock-21.exe 2 21 625.233000 13573.480000 0.080000 2200000000 13361.475882 164652.469486
./jibbrish-mylock-21.exe 2 21 625.233000 13580.290000 0.110000 2200000000 13369.941788 164548.210824
./jibbrish-mylock-21.exe 2 21 680.933000 14810.620000 0.130000 2200000000 14602.867366 150655.343566
./jibbrish-mylock-21.exe 2 21 739.595000 16063.710000 0.110000 2200000000 15864.751080 138672.204119
./jibbrish-mylock-21.exe 2 21 705.760000 15303.710000 0.120000 2200000000 15108.146386 145616.804587
./jibbrish-mylock-21.exe 2 21 706.940000 15320.660000 0.070000 2200000000 15116.188504 145539.333503
./jibbrish-mylock-21.exe 2 21 705.424000 15280.260000 0.120000 2200000000 15086.400075 145826.704122
./jibbrish-mylock-21.exe 2 21 695.607000 15140.880000 0.100000 2200000000 14942.317714 147232.848489
./jibbrish-mylock-22.exe 2 22 645.907000 14662.870000 0.130000 2300000000 14395.399924 159773.261752
./jibbrish-mylock-22.exe 2 22 661.605000 15044.790000 0.130000 2300000000 14772.519500 155694.497478
./jibbrish-mylock-22.exe 2 22 651.783000 14824.920000 0.110000 2300000000 14552.377555 158049.775121
./jibbrish-mylock-22.exe 2 22 585.917000 13283.390000 0.110000 2300000000 12999.248921 176933.299297
./jibbrish-mylock-22.exe 2 22 632.174000 14354.450000 0.090000 2300000000 14077.917687 163376.434725
./jibbrish-mylock-22.exe 2 22 687.371000 15581.050000 0.120000 2300000000 15327.238252 150059.649505
./jibbrish-mylock-22.exe 2 22 661.376000 15002.050000 0.140000 2300000000 14729.318774 156151.145572
./jibbrish-mylock-22.exe 2 22 657.135000 14909.110000 0.130000 2300000000 14627.973317 157232.991210
./jibbrish-mylock-22.exe 2 22 654.759000 14881.950000 0.120000 2300000000 14596.286153 157574.329246
./jibbrish-mylock-22.exe 2 22 679.941000 15384.520000 0.120000 2300000000 15123.417327 152082.029498
./jibbrish-mylock-23.exe 2 23 903.744000 21335.710000 0.190000 2400000000 21027.367431 114136.969732
./jibbrish-mylock-23.exe 2 23 829.628000 19623.790000 0.180000 2400000000 19307.759196 124302.358222
./jibbrish-mylock-23.exe 2 23 925.093000 21867.850000 0.170000 2400000000 21572.752938 111251.447920
./jibbrish-mylock-23.exe 2 23 855.994000 20228.420000 0.170000 2400000000 19931.147786 120414.540387
./jibbrish-mylock-23.exe 2 23 943.167000 22344.200000 0.220000 2400000000 22048.248529 108852.183740
./jibbrish-mylock-23.exe 2 23 874.691000 20657.690000 0.240000 2400000000 20354.036550 117912.729210
./jibbrish-mylock-23.exe 2 23 889.169000 20983.370000 0.200000 2400000000 20675.386730 116080.053609
./jibbrish-mylock-23.exe 2 23 926.283000 21910.710000 0.190000 2400000000 21615.689640 111030.461669
./jibbrish-mylock-23.exe 2 23 877.697000 20772.070000 0.200000 2400000000 20462.074558 117290.160056
./jibbrish-mylock-23.exe 2 23 891.324000 21069.700000 0.200000 2400000000 20772.778760 115535.818664
./jibbrish-mylock-24.exe 2 24 829.502000 20422.720000 0.200000 2500000000 20034.413021 124785.288063
./jibbrish-mylock-24.exe 2 24 789.803000 19426.760000 0.190000 2500000000 19041.628833 131291.289305
./jibbrish-mylock-24.exe 2 24 819.238000 20177.990000 0.210000 2500000000 19786.379070 126349.545368
./jibbrish-mylock-24.exe 2 24 823.975000 20285.660000 0.180000 2500000000 19898.302647 125638.856962
./jibbrish-mylock-24.exe 2 24 834.837000 20518.560000 0.220000 2500000000 20141.958392 124119.013226
./jibbrish-mylock-24.exe 2 24 830.375000 20450.000000 0.200000 2500000000 20072.619236 124547.771800
./jibbrish-mylock-24.exe 2 24 826.671000 20346.170000 0.240000 2500000000 19962.808716 125232.878576
./jibbrish-mylock-24.exe 2 24 803.157000 19773.650000 0.210000 2500000000 19385.585153 128961.802302
./jibbrish-mylock-24.exe 2 24 807.598000 19873.420000 0.220000 2500000000 19486.506286 128293.905704
./jibbrish-mylock-24.exe 2 24 841.910000 20739.150000 0.220000 2500000000 20346.568628 122870.841061
./jibbrish-mylock-25.exe 2 25 987.871000 25240.870000 0.300000 2600000000 24816.411845 104769.376664
./jibbrish-mylock-25.exe 2 25 1079.522000 27579.690000 0.280000 2600000000 27155.833060 95743.702440
./jibbrish-mylock-25.exe 2 25 1021.859000 26040.400000 0.280000 2600000000 25635.370076 101422.370432
./jibbrish-mylock-25.exe 2 25 1077.121000 27578.610000 0.350000 2600000000 27156.606305 95740.976276
./jibbrish-mylock-25.exe 2 25 1042.629000 26709.210000 0.330000 2600000000 26286.100783 98911.589110
./jibbrish-mylock-25.exe 2 25 1032.610000 26404.150000 0.300000 2600000000 25993.898463 100023.472960
./jibbrish-mylock-25.exe 2 25 980.888000 25134.390000 0.290000 2600000000 24689.738396 105306.907605
./jibbrish-mylock-25.exe 2 25 1068.836000 27344.720000 0.330000 2600000000 26930.179304 96545.959486
./jibbrish-mylock-25.exe 2 25 1100.236000 28144.010000 0.340000 2600000000 27718.158046 93801.326757
./jibbrish-mylock-25.exe 2 25 1094.852000 27998.730000 0.310000 2600000000 27579.460127 94273.056399
./jibbrish-mylock-26.exe 2 26 1042.861000 27688.530000 0.380000 2700000000 27607.907303 97798.068152
./jibbrish-mylock-26.exe 2 26 972.123000 25872.930000 0.340000 2700000000 25786.360379 104706.517723
./jibbrish-mylock-26.exe 2 26 933.191000 24829.590000 0.310000 2700000000 24740.958598 109130.775563
./jibbrish-mylock-26.exe 2 26 885.665000 23582.340000 0.290000 2700000000 23482.653950 114978.486066
./jibbrish-mylock-26.exe 2 26 949.814000 25278.130000 0.300000 2700000000 25184.339653 107209.481656
./jibbrish-mylock-26.exe 2 26 947.894000 25220.120000 0.330000 2700000000 25130.723398 107438.212471
./jibbrish-mylock-26.exe 2 26 863.737000 22994.850000 0.560000 2700000000 22891.702724 117946.665328
./jibbrish-mylock-26.exe 2 26 921.337000 24497.920000 0.350000 2700000000 24407.373699 110622.307557
./jibbrish-mylock-26.exe 2 26 1008.789000 26863.310000 0.310000 2700000000 26781.223472 100816.902663
./jibbrish-mylock-26.exe 2 26 953.868000 25380.800000 0.310000 2700000000 25290.195793 106760.739304
./jibbrish-mylock-27.exe 2 27 1237.607000 34106.870000 0.450000 2800000000 34039.177303 82258.157271
./jibbrish-mylock-27.exe 2 27 1134.765000 31282.610000 0.510000 2800000000 31205.902243 89726.615759
./jibbrish-mylock-27.exe 2 27 1243.575000 34211.220000 0.490000 2800000000 34149.901811 81991.450971
./jibbrish-mylock-27.exe 2 27 1237.643000 34075.390000 0.530000 2800000000 34010.854460 82326.658487
./jibbrish-mylock-27.exe 2 27 1223.863000 33770.130000 0.490000 2800000000 33706.165118 83070.856332
./jibbrish-mylock-27.exe 2 27 1223.881000 33755.000000 0.510000 2800000000 33688.483543 83114.456500
./jibbrish-mylock-27.exe 2 27 1221.412000 33682.020000 0.490000 2800000000 33615.159047 83295.753446
./jibbrish-mylock-27.exe 2 27 1252.706000 34576.800000 0.550000 2800000000 34515.188233 81123.706500
./jibbrish-mylock-27.exe 2 27 1233.167000 33966.210000 0.500000 2800000000 33897.145347 82602.826029
./jibbrish-mylock-27.exe 2 27 1226.237000 33679.110000 0.480000 2800000000 33613.320669 83300.309053
./jibbrish-mylock-28.exe 2 28 1130.019000 32225.700000 0.520000 2900000000 32091.894286 90365.497722
./jibbrish-mylock-28.exe 2 28 1123.636000 32089.810000 0.570000 2900000000 31940.382130 90794.154817
./jibbrish-mylock-28.exe 2 28 1169.886000 33389.620000 0.640000 2900000000 33250.872918 87215.755422
./jibbrish-mylock-28.exe 2 28 1127.004000 32206.660000 0.510000 2900000000 32064.647255 90442.286077
./jibbrish-mylock-28.exe 2 28 1064.148000 30395.170000 0.510000 2900000000 30248.891098 95871.283038
./jibbrish-mylock-28.exe 2 28 1068.848000 30537.500000 0.490000 2900000000 30392.039991 95419.721770
./jibbrish-mylock-28.exe 2 28 1024.771000 29256.310000 0.500000 2900000000 29102.085723 99649.215096
./jibbrish-mylock-28.exe 2 28 1139.685000 32577.330000 0.530000 2900000000 32435.764173 89407.481955
./jibbrish-mylock-28.exe 2 28 1111.023000 31765.000000 0.720000 2900000000 31621.091937 91710.937932
./jibbrish-mylock-28.exe 2 28 1135.811000 32450.060000 0.590000 2900000000 32303.231327 89774.300615
./jibbrish-mylock-29.exe 2 29 1458.983000 43036.830000 0.580000 3000000000 42855.182835 70003.201515
./jibbrish-mylock-29.exe 2 29 1380.350000 40693.850000 0.650000 3000000000 40511.494118 74053.057419
./jibbrish-mylock-29.exe 2 29 1378.105000 40700.540000 0.440000 3000000000 40505.245549 74064.481262
./jibbrish-mylock-29.exe 2 29 1422.621000 42027.530000 0.340000 3000000000 41820.009295 71735.995533
./jibbrish-mylock-29.exe 2 29 1403.764000 41419.510000 0.330000 3000000000 41218.040728 72783.663343
./jibbrish-mylock-29.exe 2 29 1448.345000 42832.280000 0.310000 3000000000 42631.221719 70370.960039
./jibbrish-mylock-29.exe 2 29 1368.386000 40351.100000 0.290000 3000000000 40150.259521 74719.317778
./jibbrish-mylock-29.exe 2 29 1309.672000 38589.930000 0.350000 3000000000 38389.284739 78146.806339
./jibbrish-mylock-29.exe 2 29 1420.815000 41869.280000 0.360000 3000000000 41666.921628 71999.559429
./jibbrish-mylock-29.exe 2 29 1351.546000 39779.770000 0.310000 3000000000 39580.820781 75794.284728
