#Prog type threads real user sys cumIterations cumSeconds locks/sec
./jibbrish-mtx-0.exe 1 0 4.365000 4.350000 0.000000 100000000 2.796359 35760791.333472
./jibbrish-mtx-0.exe 1 0 4.362000 4.350000 0.000000 100000000 2.792321 35812498.126581
./jibbrish-mtx-0.exe 1 0 4.454000 4.440000 0.000000 100000000 2.852306 35059357.852339
./jibbrish-mtx-0.exe 1 0 4.429000 4.410000 0.000000 100000000 2.835616 35265705.723371
./jibbrish-mtx-0.exe 1 0 4.390000 4.380000 0.000000 100000000 2.810202 35584624.872845
./jibbrish-mtx-0.exe 1 0 4.423000 4.410000 0.000000 100000000 2.831639 35315238.976877
./jibbrish-mtx-0.exe 1 0 4.459000 4.440000 0.000000 100000000 2.853007 35050737.609352
./jibbrish-mtx-0.exe 1 0 4.391000 4.380000 0.000000 100000000 2.810466 35581290.399091
./jibbrish-mtx-0.exe 1 0 4.416000 4.400000 0.000000 100000000 2.827159 35371199.918349
./jibbrish-mtx-0.exe 1 0 4.419000 4.400000 0.000000 100000000 2.829728 35339080.261500
./jibbrish-mtx-1.exe 1 1 18.214000 33.790000 2.450000 200000000 28.506001 7016066.451825
./jibbrish-mtx-1.exe 1 1 19.352000 37.830000 0.610000 200000000 27.685849 7223907.149402
./jibbrish-mtx-1.exe 1 1 17.603000 33.730000 1.330000 200000000 25.817947 7746549.460971
./jibbrish-mtx-1.exe 1 1 20.277000 39.600000 0.510000 200000000 29.842603 6701828.325913
./jibbrish-mtx-1.exe 1 1 18.047000 35.270000 0.670000 200000000 26.102784 7662018.019668
./jibbrish-mtx-1.exe 1 1 19.041000 37.770000 0.200000 200000000 30.175093 6627982.983721
./jibbrish-mtx-1.exe 1 1 19.746000 39.170000 0.200000 200000000 30.830748 6487030.423426
./jibbrish-mtx-1.exe 1 1 19.163000 36.640000 1.500000 200000000 29.858615 6698234.424924
./jibbrish-mtx-1.exe 1 1 19.449000 35.890000 2.890000 200000000 31.091069 6432715.352028
./jibbrish-mtx-1.exe 1 1 18.262000 34.100000 2.040000 200000000 27.383021 7303795.989864
./jibbrish-mtx-2.exe 1 2 35.035000 76.040000 25.890000 300000000 90.942840 3298775.349358
./jibbrish-mtx-2.exe 1 2 33.698000 72.610000 25.660000 300000000 88.023371 3408185.769311
./jibbrish-mtx-2.exe 1 2 35.930000 77.000000 28.360000 300000000 94.547638 3173003.654865
./jibbrish-mtx-2.exe 1 2 34.761000 74.610000 27.230000 300000000 91.295153 3286045.222257
./jibbrish-mtx-2.exe 1 2 35.186000 74.630000 27.950000 300000000 92.135229 3256083.527354
./jibbrish-mtx-2.exe 1 2 34.679000 75.300000 25.210000 300000000 89.558263 3349774.666047
./jibbrish-mtx-2.exe 1 2 34.639000 74.150000 26.480000 300000000 89.933406 3335801.603281
./jibbrish-mtx-2.exe 1 2 35.392000 78.260000 26.310000 300000000 93.363666 3213241.424720
./jibbrish-mtx-2.exe 1 2 35.922000 77.720000 27.090000 300000000 93.393379 3212219.161425
./jibbrish-mtx-2.exe 1 2 36.142000 77.420000 27.460000 300000000 93.991099 3191791.580766
./jibbrish-mtx-3.exe 1 3 58.277000 136.860000 89.720000 400000000 213.835605 1870595.875457
./jibbrish-mtx-3.exe 1 3 60.743000 143.770000 93.260000 400000000 224.064305 1785201.797530
./jibbrish-mtx-3.exe 1 3 57.324000 137.130000 87.570000 400000000 211.081623 1895001.535445
./jibbrish-mtx-3.exe 1 3 56.641000 133.860000 86.020000 400000000 206.621693 1935905.148761
./jibbrish-mtx-3.exe 1 3 58.355000 137.800000 89.670000 400000000 214.700672 1863058.914464
./jibbrish-mtx-3.exe 1 3 54.295000 129.370000 82.580000 400000000 198.237832 2017778.317421
./jibbrish-mtx-3.exe 1 3 63.033000 151.470000 93.920000 400000000 232.660467 1719243.518024
./jibbrish-mtx-3.exe 1 3 56.566000 138.210000 83.270000 400000000 206.596269 1936143.389159
./jibbrish-mtx-3.exe 1 3 58.349000 138.040000 89.120000 400000000 214.036712 1868838.274836
./jibbrish-mtx-3.exe 1 3 55.776000 133.720000 84.070000 400000000 204.255018 1958336.217185
./jibbrish-mtx-4.exe 1 4 74.052000 191.070000 166.280000 500000000 343.434570 1455881.391725
./jibbrish-mtx-4.exe 1 4 74.351000 192.010000 166.470000 500000000 344.899506 1449697.640135
./jibbrish-mtx-4.exe 1 4 76.203000 196.960000 171.420000 500000000 354.849183 1409049.318919
./jibbrish-mtx-4.exe 1 4 78.792000 199.350000 181.490000 500000000 369.560609 1352958.046298
./jibbrish-mtx-4.exe 1 4 80.574000 212.350000 175.290000 500000000 375.267364 1332383.381545
./jibbrish-mtx-4.exe 1 4 72.999000 187.800000 165.570000 500000000 339.562459 1472483.152664
./jibbrish-mtx-4.exe 1 4 73.881000 186.330000 167.750000 500000000 341.239782 1465245.337532
./jibbrish-mtx-4.exe 1 4 75.662000 196.220000 169.400000 500000000 352.699965 1417635.524435
./jibbrish-mtx-4.exe 1 4 76.930000 195.820000 176.090000 500000000 358.961471 1392907.153097
./jibbrish-mtx-4.exe 1 4 75.093000 193.980000 168.760000 500000000 349.306164 1431409.037181
./jibbrish-mtx-5.exe 1 5 93.842000 251.940000 289.460000 600000000 531.371935 1129152.597302
./jibbrish-mtx-5.exe 1 5 94.994000 253.470000 290.990000 600000000 535.263714 1120942.789167
./jibbrish-mtx-5.exe 1 5 92.742000 250.800000 280.650000 600000000 520.630490 1152448.831397
./jibbrish-mtx-5.exe 1 5 92.252000 251.450000 280.090000 600000000 519.831709 1154219.700669
./jibbrish-mtx-5.exe 1 5 92.089000 247.210000 283.770000 600000000 520.616505 1152479.790243
./jibbrish-mtx-5.exe 1 5 91.266000 246.940000 278.770000 600000000 514.269602 1166703.217830
./jibbrish-mtx-5.exe 1 5 92.879000 252.850000 281.790000 600000000 524.263197 1144463.323009
./jibbrish-mtx-5.exe 1 5 92.823000 254.550000 281.170000 600000000 524.088805 1144844.146137
./jibbrish-mtx-5.exe 1 5 90.653000 242.930000 275.990000 600000000 508.562609 1179795.741656
./jibbrish-mtx-5.exe 1 5 101.537000 276.260000 305.950000 600000000 575.293288 1042946.288632
./jibbrish-mtx-6.exe 1 6 108.176000 298.610000 426.550000 700000000 717.743245 975279.119442
./jibbrish-mtx-6.exe 1 6 111.379000 309.860000 433.670000 700000000 736.378704 950597.832503
./jibbrish-mtx-6.exe 1 6 114.771000 315.520000 449.670000 700000000 760.551669 920384.542793
./jibbrish-mtx-6.exe 1 6 110.523000 299.780000 437.060000 700000000 731.265198 957245.062155
./jibbrish-mtx-6.exe 1 6 110.453000 305.690000 433.000000 700000000 731.721643 956647.936622
./jibbrish-mtx-6.exe 1 6 113.139000 308.170000 449.770000 700000000 752.887562 929753.704646
./jibbrish-mtx-6.exe 1 6 114.138000 314.170000 450.430000 700000000 758.781151 922532.141452
./jibbrish-mtx-6.exe 1 6 107.436000 295.640000 423.520000 700000000 711.146603 984325.871805
./jibbrish-mtx-6.exe 1 6 115.933000 315.210000 462.310000 700000000 774.118047 904254.851985
./jibbrish-mtx-6.exe 1 6 110.246000 299.820000 437.270000 700000000 731.699614 956676.738554
./jibbrish-mtx-7.exe 1 7 129.610000 360.380000 634.010000 800000000 992.219580 806273.143333
./jibbrish-mtx-7.exe 1 7 131.143000 365.130000 640.220000 800000000 1003.760805 797002.628720
./jibbrish-mtx-7.exe 1 7 120.585000 328.840000 597.290000 800000000 921.079502 868546.089563
./jibbrish-mtx-7.exe 1 7 122.327000 344.540000 593.910000 800000000 932.305199 858088.102972
./jibbrish-mtx-7.exe 1 7 126.095000 355.830000 606.990000 800000000 957.724358 835313.410957
./jibbrish-mtx-7.exe 1 7 121.700000 341.240000 591.240000 800000000 926.965621 863030.927663
./jibbrish-mtx-7.exe 1 7 126.737000 353.760000 616.530000 800000000 968.465289 826049.223344
./jibbrish-mtx-7.exe 1 7 122.401000 349.710000 586.700000 800000000 930.007525 860208.093493
./jibbrish-mtx-7.exe 1 7 130.765000 364.120000 637.860000 800000000 1000.520155 799584.092564
./jibbrish-mtx-7.exe 1 7 123.270000 346.220000 598.620000 800000000 939.782207 851261.062454
./jibbrish-mtx-8.exe 1 8 131.501000 368.300000 764.500000 900000000 1125.919754 799346.486772
./jibbrish-mtx-8.exe 1 8 134.857000 378.790000 782.530000 900000000 1155.110723 779146.086902
./jibbrish-mtx-8.exe 1 8 136.757000 385.090000 796.420000 900000000 1175.386830 765705.363390
./jibbrish-mtx-8.exe 1 8 135.867000 381.840000 784.840000 900000000 1160.119350 775782.250053
./jibbrish-mtx-8.exe 1 8 129.968000 356.390000 759.510000 900000000 1109.923863 810866.429376
./jibbrish-mtx-8.exe 1 8 136.892000 381.760000 788.790000 900000000 1165.559043 772161.655304
./jibbrish-mtx-8.exe 1 8 135.246000 378.780000 785.270000 900000000 1159.286709 776339.444922
./jibbrish-mtx-8.exe 1 8 135.865000 386.140000 786.470000 900000000 1166.818814 771327.980888
./jibbrish-mtx-8.exe 1 8 139.163000 393.760000 802.860000 900000000 1192.059608 754995.801900
./jibbrish-mtx-8.exe 1 8 140.515000 389.560000 817.010000 900000000 1208.984704 744426.291691
./jibbrish-mtx-9.exe 1 9 145.735000 407.060000 988.950000 1000000000 1389.930276 719460.549594
./jibbrish-mtx-9.exe 1 9 146.768000 409.200000 996.960000 1000000000 1398.241496 715184.038398
./jibbrish-mtx-9.exe 1 9 145.859000 404.240000 988.140000 1000000000 1383.277564 722920.710763
./jibbrish-mtx-9.exe 1 9 144.879000 410.980000 979.750000 1000000000 1382.590396 723280.013328
./jibbrish-mtx-9.exe 1 9 142.013000 393.230000 962.000000 1000000000 1347.904595 741892.270256
./jibbrish-mtx-9.exe 1 9 147.493000 421.620000 982.330000 1000000000 1395.440323 716619.681441
./jibbrish-mtx-9.exe 1 9 145.330000 401.930000 990.120000 1000000000 1386.612729 721181.898255
./jibbrish-mtx-9.exe 1 9 147.136000 410.120000 991.930000 1000000000 1395.367448 716657.107907
./jibbrish-mtx-9.exe 1 9 142.995000 396.480000 965.450000 1000000000 1354.286800 738396.032663
./jibbrish-mtx-9.exe 1 9 145.391000 404.020000 983.330000 1000000000 1380.497541 724376.516727
./jibbrish-mtx-10.exe 1 10 160.135000 456.630000 1232.490000 1100000000 1696.613197 648350.491385
./jibbrish-mtx-10.exe 1 10 154.922000 438.590000 1208.590000 1100000000 1650.430718 666492.684764
./jibbrish-mtx-10.exe 1 10 155.157000 443.680000 1205.210000 1100000000 1652.911031 665492.563954
./jibbrish-mtx-10.exe 1 10 158.062000 439.170000 1235.920000 1100000000 1682.761066 653687.574706
./jibbrish-mtx-10.exe 1 10 158.087000 448.080000 1229.390000 1100000000 1684.987720 652823.748668
./jibbrish-mtx-10.exe 1 10 170.323000 500.330000 1298.670000 1100000000 1812.344486 606948.628404
./jibbrish-mtx-10.exe 1 10 153.891000 444.450000 1190.490000 1100000000 1638.753676 671241.819951
./jibbrish-mtx-10.exe 1 10 157.122000 449.890000 1212.610000 1100000000 1669.759708 658777.424365
./jibbrish-mtx-10.exe 1 10 151.730000 430.340000 1181.030000 1100000000 1615.409392 680941.936869
./jibbrish-mtx-10.exe 1 10 157.162000 449.700000 1213.010000 1100000000 1667.882319 659518.952622
./jibbrish-mtx-11.exe 1 11 168.879000 460.110000 1494.320000 1200000000 1960.239049 612170.235422
./jibbrish-mtx-11.exe 1 11 176.454000 495.540000 1550.690000 1200000000 2054.340119 584129.175515
./jibbrish-mtx-11.exe 1 11 167.487000 473.650000 1457.800000 1200000000 1936.122906 619795.363257
./jibbrish-mtx-11.exe 1 11 172.774000 479.780000 1521.820000 1200000000 2009.058468 597294.712431
./jibbrish-mtx-11.exe 1 11 168.454000 472.920000 1481.370000 1200000000 1960.116702 612208.445803
./jibbrish-mtx-11.exe 1 11 173.395000 484.980000 1517.410000 1200000000 2010.759092 596789.543233
./jibbrish-mtx-11.exe 1 11 167.880000 476.050000 1469.770000 1200000000 1952.110720 614719.230634
./jibbrish-mtx-11.exe 1 11 173.396000 493.170000 1513.930000 1200000000 2015.048737 595519.094768
./jibbrish-mtx-11.exe 1 11 174.601000 491.800000 1528.960000 1200000000 2031.616878 590662.547262
./jibbrish-mtx-11.exe 1 11 168.243000 487.240000 1464.500000 1200000000 1956.312792 613398.841525
./jibbrish-mtx-12.exe 1 12 191.398000 539.270000 1867.110000 1300000000 2419.571207 537285.282809
./jibbrish-mtx-12.exe 1 12 191.662000 537.810000 1875.040000 1300000000 2423.768782 536354.791521
./jibbrish-mtx-12.exe 1 12 195.373000 560.380000 1899.100000 1300000000 2472.246606 525837.510264
./jibbrish-mtx-12.exe 1 12 193.605000 541.910000 1890.110000 1300000000 2444.859284 531727.943820
./jibbrish-mtx-12.exe 1 12 189.779000 542.690000 1846.660000 1300000000 2398.532188 541998.146318
./jibbrish-mtx-12.exe 1 12 190.611000 537.490000 1855.490000 1300000000 2404.476567 540658.211357
./jibbrish-mtx-12.exe 1 12 186.462000 515.810000 1826.760000 1300000000 2350.238791 553135.283611
./jibbrish-mtx-12.exe 1 12 196.359000 550.210000 1924.110000 1300000000 2487.348717 522644.851226
./jibbrish-mtx-12.exe 1 12 189.736000 527.870000 1850.590000 1300000000 2386.763583 544670.619830
./jibbrish-mtx-12.exe 1 12 193.910000 548.640000 1891.050000 1300000000 2450.240346 530560.196719
./jibbrish-mtx-13.exe 1 13 209.197000 586.820000 2244.670000 1400000000 2843.181356 492406.155158
./jibbrish-mtx-13.exe 1 13 201.426000 574.080000 2155.050000 1400000000 2738.889844 511156.008273
./jibbrish-mtx-13.exe 1 13 204.803000 567.770000 2204.990000 1400000000 2784.235430 502831.041124
./jibbrish-mtx-13.exe 1 13 209.186000 588.230000 2247.050000 1400000000 2850.061768 491217.423951
./jibbrish-mtx-13.exe 1 13 204.891000 574.290000 2204.620000 1400000000 2792.456450 501350.701527
./jibbrish-mtx-13.exe 1 13 199.595000 555.540000 2147.860000 1400000000 2711.765109 516268.903786
./jibbrish-mtx-13.exe 1 13 207.863000 583.530000 2239.650000 1400000000 2836.325606 493596.361873
./jibbrish-mtx-13.exe 1 13 207.107000 584.520000 2228.370000 1400000000 2824.379398 495684.114153
./jibbrish-mtx-13.exe 1 13 215.073000 601.300000 2328.330000 1400000000 2946.370954 475160.806991
./jibbrish-mtx-13.exe 1 13 211.655000 597.520000 2281.860000 1400000000 2895.054697 483583.264118
./jibbrish-mtx-14.exe 1 14 221.894000 591.360000 2640.840000 1500000000 3239.024090 463102.452535
./jibbrish-mtx-14.exe 1 14 215.511000 567.720000 2568.650000 1500000000 3137.027755 478159.620189
./jibbrish-mtx-14.exe 1 14 221.928000 596.400000 2644.570000 1500000000 3244.642602 462300.531741
./jibbrish-mtx-14.exe 1 14 216.713000 586.920000 2584.310000 1500000000 3174.854521 472462.593265
./jibbrish-mtx-14.exe 1 14 223.176000 595.000000 2664.740000 1500000000 3263.870177 459577.102867
./jibbrish-mtx-14.exe 1 14 224.797000 608.900000 2678.170000 1500000000 3295.183881 455209.801421
./jibbrish-mtx-14.exe 1 14 220.691000 610.040000 2621.850000 1500000000 3234.759940 463712.926969
./jibbrish-mtx-14.exe 1 14 221.499000 599.210000 2636.480000 1500000000 3239.727744 463001.868789
./jibbrish-mtx-14.exe 1 14 218.493000 584.680000 2607.080000 1500000000 3195.853048 469358.251898
./jibbrish-mtx-14.exe 1 14 210.746000 566.250000 2510.910000 1500000000 3076.632518 487546.039839
./jibbrish-mtx-15.exe 1 15 227.788000 616.480000 2925.060000 1600000000 3542.687537 451634.524153
./jibbrish-mtx-15.exe 1 15 226.504000 602.780000 2922.160000 1600000000 3527.522667 453576.107373
./jibbrish-mtx-15.exe 1 15 228.132000 602.660000 2965.330000 1600000000 3571.660964 447970.850596
./jibbrish-mtx-15.exe 1 15 233.878000 611.890000 3037.190000 1600000000 3655.929557 437645.193895
./jibbrish-mtx-15.exe 1 15 229.922000 620.550000 2967.900000 1600000000 3592.642654 445354.618854
./jibbrish-mtx-15.exe 1 15 232.959000 619.690000 3022.910000 1600000000 3645.650814 438879.114219
./jibbrish-mtx-15.exe 1 15 239.263000 643.460000 3094.710000 1600000000 3744.734030 427266.659581
./jibbrish-mtx-15.exe 1 15 249.706000 684.400000 3196.550000 1600000000 3891.367317 411166.530841
./jibbrish-mtx-15.exe 1 15 233.177000 632.650000 2998.520000 1600000000 3636.850678 439941.075854
./jibbrish-mtx-15.exe 1 15 229.363000 629.310000 2941.530000 1600000000 3572.459789 447870.681437
./jibbrish-mtx-16.exe 1 16 252.142000 672.820000 3493.370000 1700000000 4174.326977 407251.278951
./jibbrish-mtx-16.exe 1 16 238.883000 625.060000 3342.050000 1700000000 3968.313269 428393.598215
./jibbrish-mtx-16.exe 1 16 248.004000 661.940000 3442.880000 1700000000 4107.136619 413913.672159
./jibbrish-mtx-16.exe 1 16 247.768000 656.890000 3445.910000 1700000000 4105.578195 414070.788390
./jibbrish-mtx-16.exe 1 16 243.470000 667.000000 3354.320000 1700000000 4024.031088 422461.944954
./jibbrish-mtx-16.exe 1 16 248.479000 655.500000 3434.300000 1700000000 4094.920838 415148.440580
./jibbrish-mtx-16.exe 1 16 252.180000 675.100000 3482.790000 1700000000 4164.810404 408181.846279
./jibbrish-mtx-16.exe 1 16 250.129000 674.930000 3466.550000 1700000000 4147.759372 409859.841803
./jibbrish-mtx-16.exe 1 16 252.041000 673.730000 3475.050000 1700000000 4157.685458 408881.339691
./jibbrish-mtx-16.exe 1 16 248.648000 675.580000 3431.430000 1700000000 4113.888425 413234.347716
./jibbrish-mtx-17.exe 1 17 258.503000 673.670000 3840.220000 1800000000 4517.311756 398467.074459
./jibbrish-mtx-17.exe 1 17 265.254000 703.850000 3928.920000 1800000000 4640.638213 387877.683478
./jibbrish-mtx-17.exe 1 17 263.011000 686.170000 3913.940000 1800000000 4606.975774 390711.844019
./jibbrish-mtx-17.exe 1 17 258.832000 694.010000 3840.170000 1800000000 4533.392490 397053.642234
./jibbrish-mtx-17.exe 1 17 257.131000 689.390000 3784.640000 1800000000 4476.342560 402113.997324
./jibbrish-mtx-17.exe 1 17 269.504000 727.090000 3988.270000 1800000000 4722.379992 381163.735852
./jibbrish-mtx-17.exe 1 17 256.931000 685.070000 3811.090000 1800000000 4498.633747 400121.481573
./jibbrish-mtx-17.exe 1 17 270.575000 719.170000 4012.560000 1800000000 4738.903461 379834.705380
./jibbrish-mtx-17.exe 1 17 260.806000 684.050000 3880.600000 1800000000 4568.048808 394041.323936
./jibbrish-mtx-17.exe 1 17 258.625000 694.930000 3836.920000 1800000000 4532.935495 397093.671868
./jibbrish-mtx-18.exe 1 18 274.069000 763.140000 4296.630000 1900000000 5078.184339 374149.474104
./jibbrish-mtx-18.exe 1 18 272.137000 753.670000 4282.430000 1900000000 5053.855643 375950.587851
./jibbrish-mtx-18.exe 1 18 279.688000 744.890000 4447.810000 1900000000 5214.171169 364391.566432
./jibbrish-mtx-18.exe 1 18 282.351000 773.040000 4457.040000 1900000000 5251.331077 361813.028401
./jibbrish-mtx-18.exe 1 18 286.272000 764.650000 4551.590000 1900000000 5344.314148 355518.022983
./jibbrish-mtx-18.exe 1 18 285.216000 784.030000 4502.200000 1900000000 5311.858482 357690.252208
./jibbrish-mtx-18.exe 1 18 277.843000 758.470000 4387.440000 1900000000 5168.219144 367631.469750
./jibbrish-mtx-18.exe 1 18 270.902000 733.940000 4259.020000 1900000000 5009.599138 379271.863432
./jibbrish-mtx-18.exe 1 18 282.469000 768.710000 4455.110000 1900000000 5248.617494 362000.088993
./jibbrish-mtx-18.exe 1 18 283.420000 776.780000 4466.730000 1900000000 5271.057977 360458.945483
./jibbrish-mtx-19.exe 1 19 296.753000 798.030000 5011.870000 2000000000 5836.304865 342682.578481
./jibbrish-mtx-19.exe 1 19 324.541000 895.650000 5443.540000 2000000000 6381.785725 313391.907257
./jibbrish-mtx-19.exe 1 19 282.096000 749.830000 4737.910000 2000000000 5503.226564 363423.162161
./jibbrish-mtx-19.exe 1 19 291.279000 786.610000 4897.800000 2000000000 5705.426280 350543.482982
./jibbrish-mtx-19.exe 1 19 286.415000 748.280000 4858.270000 2000000000 5625.894186 355499.043146
./jibbrish-mtx-19.exe 1 19 285.722000 776.570000 4787.110000 2000000000 5582.133561 358285.945387
./jibbrish-mtx-19.exe 1 19 296.108000 810.160000 4964.850000 2000000000 5798.442641 344920.200777
./jibbrish-mtx-19.exe 1 19 324.352000 896.840000 5424.730000 2000000000 6365.872873 314175.296894
./jibbrish-mtx-19.exe 1 19 299.571000 807.810000 5038.910000 2000000000 5875.620601 340389.575133
./jibbrish-mtx-19.exe 1 19 291.515000 794.160000 4892.430000 2000000000 5710.998394 350201.464244
./jibbrish-mtx-20.exe 1 20 314.274000 837.230000 5626.930000 2100000000 6495.557053 323297.907009
./jibbrish-mtx-20.exe 1 20 343.644000 920.570000 6138.740000 2100000000 7108.098637 295437.655997
./jibbrish-mtx-20.exe 1 20 317.371000 841.420000 5691.330000 2100000000 6565.830056 319837.702479
./jibbrish-mtx-20.exe 1 20 316.471000 853.380000 5639.540000 2100000000 6521.451626 322014.195703
./jibbrish-mtx-20.exe 1 20 313.552000 842.910000 5604.080000 2100000000 6477.736336 324187.322727
./jibbrish-mtx-20.exe 1 20 302.917000 812.030000 5404.690000 2100000000 6240.025384 336537.092532
./jibbrish-mtx-20.exe 1 20 307.483000 820.240000 5489.940000 2100000000 6334.727039 331505.996578
./jibbrish-mtx-20.exe 1 20 310.732000 828.020000 5556.380000 2100000000 6413.269574 327446.082832
./jibbrish-mtx-20.exe 1 20 304.731000 813.510000 5437.040000 2100000000 6272.110938 334815.506416
./jibbrish-mtx-20.exe 1 20 309.563000 829.730000 5519.930000 2100000000 6375.074398 329407.920413
./jibbrish-mtx-21.exe 1 21 329.200000 887.590000 6184.600000 2200000000 7103.319482 309714.353342
./jibbrish-mtx-21.exe 1 21 326.881000 870.860000 6156.170000 2200000000 7059.092905 311654.773424
./jibbrish-mtx-21.exe 1 21 320.464000 841.610000 6065.770000 2200000000 6934.564335 317251.364882
./jibbrish-mtx-21.exe 1 21 317.907000 830.230000 6028.490000 2200000000 6884.559244 319555.678464
./jibbrish-mtx-21.exe 1 21 325.979000 864.580000 6159.590000 2200000000 7054.324097 311865.455820
./jibbrish-mtx-21.exe 1 21 342.374000 910.670000 6465.310000 2200000000 7415.843765 296662.129035
./jibbrish-mtx-21.exe 1 21 331.740000 885.920000 6237.400000 2200000000 7158.518979 307326.139164
./jibbrish-mtx-21.exe 1 21 325.362000 870.620000 6124.320000 2200000000 7026.171233 313115.056150
./jibbrish-mtx-21.exe 1 21 314.776000 834.970000 5935.430000 2200000000 6793.775748 323825.819613
./jibbrish-mtx-21.exe 1 21 323.818000 859.920000 6100.620000 2200000000 6989.543202 314755.905582
./jibbrish-mtx-22.exe 1 22 333.626000 878.320000 6640.820000 2300000000 7542.133868 304953.484031
./jibbrish-mtx-22.exe 1 22 332.554000 827.520000 6678.080000 2300000000 7531.924891 305366.826323
./jibbrish-mtx-22.exe 1 22 346.129000 909.830000 6875.180000 2300000000 7820.172676 294111.152700
./jibbrish-mtx-22.exe 1 22 339.990000 891.380000 6756.930000 2300000000 7681.725102 299411.911982
./jibbrish-mtx-22.exe 1 22 330.966000 864.780000 6573.930000 2300000000 7466.276445 308051.813618
./jibbrish-mtx-22.exe 1 22 334.105000 871.440000 6650.400000 2300000000 7548.207256 304708.114404
./jibbrish-mtx-22.exe 1 22 329.646000 858.490000 6548.620000 2300000000 7432.638468 309445.967256
./jibbrish-mtx-22.exe 1 22 340.604000 881.780000 6776.620000 2300000000 7690.170714 299083.087433
./jibbrish-mtx-22.exe 1 22 345.144000 911.620000 6853.890000 2300000000 7799.634214 294885.623733
./jibbrish-mtx-22.exe 1 22 338.888000 879.920000 6738.860000 2300000000 7650.205375 300645.523506
./jibbrish-mtx-23.exe 1 23 362.434000 922.880000 7607.570000 2400000000 8569.789554 280053.551460
./jibbrish-mtx-23.exe 1 23 356.982000 912.090000 7454.320000 2400000000 8402.464852 285630.471800
./jibbrish-mtx-23.exe 1 23 352.429000 900.310000 7363.700000 2400000000 8298.056969 289224.333975
./jibbrish-mtx-23.exe 1 23 348.717000 889.610000 7288.060000 2400000000 8209.164030 292356.199877
./jibbrish-mtx-23.exe 1 23 356.211000 918.340000 7462.540000 2400000000 8420.695528 285012.086224
./jibbrish-mtx-23.exe 1 23 347.358000 893.190000 7248.070000 2400000000 8171.854767 293690.975716
./jibbrish-mtx-23.exe 1 23 361.435000 937.810000 7531.730000 2400000000 8506.244164 282145.674847
./jibbrish-mtx-23.exe 1 23 356.857000 924.010000 7447.110000 2400000000 8406.687046 285487.016084
./jibbrish-mtx-23.exe 1 23 358.317000 916.930000 7523.420000 2400000000 8478.256204 283077.078850
./jibbrish-mtx-23.exe 1 23 353.662000 910.220000 7418.520000 2400000000 8365.881968 286879.495695
./jibbrish-mtx-24.exe 1 24 366.776000 942.920000 8009.160000 2500000000 8988.531500 278132.195444
./jibbrish-mtx-24.exe 1 24 369.077000 956.830000 8051.930000 2500000000 9044.068183 276424.276059
./jibbrish-mtx-24.exe 1 24 373.100000 947.050000 8195.940000 2500000000 9184.366136 272201.691767
./jibbrish-mtx-24.exe 1 24 378.473000 971.370000 8301.210000 2500000000 9313.835608 268417.879082
./jibbrish-mtx-24.exe 1 24 366.424000 947.070000 8003.460000 2500000000 8986.586449 278192.394210
./jibbrish-mtx-24.exe 1 24 370.558000 956.550000 8100.830000 2500000000 9093.765765 274913.612759
./jibbrish-mtx-24.exe 1 24 360.078000 901.210000 7918.530000 2500000000 8851.676758 282432.364892
./jibbrish-mtx-24.exe 1 24 359.190000 922.270000 7845.030000 2500000000 8798.700456 284132.868534
./jibbrish-mtx-24.exe 1 24 363.506000 940.590000 7955.940000 2500000000 8930.475474 279940.301853
./jibbrish-mtx-24.exe 1 24 375.684000 973.900000 8187.830000 2500000000 9201.093991 271706.821215
./jibbrish-mtx-25.exe 1 25 374.454000 960.220000 8532.980000 2600000000 9527.707278 272888.316594
./jibbrish-mtx-25.exe 1 25 382.845000 970.980000 8732.610000 2600000000 9740.246507 266933.696007
./jibbrish-mtx-25.exe 1 25 397.481000 1036.640000 9028.590000 2600000000 10112.417810 257109.629842
./jibbrish-mtx-25.exe 1 25 375.557000 969.390000 8557.170000 2600000000 9561.329587 271928.707849
./jibbrish-mtx-25.exe 1 25 394.990000 1010.040000 9028.230000 2600000000 10087.017153 257757.071360
./jibbrish-mtx-25.exe 1 25 373.534000 947.410000 8520.960000 2600000000 9502.159358 273622.016005
./jibbrish-mtx-25.exe 1 25 373.742000 956.630000 8519.220000 2600000000 9509.456772 273412.042582
./jibbrish-mtx-25.exe 1 25 366.904000 910.570000 8395.790000 2600000000 9333.355779 278570.758634
./jibbrish-mtx-25.exe 1 25 395.843000 1003.820000 9060.710000 2600000000 10111.915736 257122.395778
./jibbrish-mtx-25.exe 1 25 396.483000 1036.480000 9011.960000 2600000000 10095.389087 257543.317813
./jibbrish-mtx-26.exe 1 26 401.176000 1046.190000 9592.730000 2700000000 10700.690848 252320.157483
./jibbrish-mtx-26.exe 1 26 396.787000 1014.900000 9513.930000 2700000000 10587.160443 255025.888620
./jibbrish-mtx-26.exe 1 26 400.886000 1051.520000 9590.170000 2700000000 10702.192742 252284.748097
./jibbrish-mtx-26.exe 1 26 384.195000 982.540000 9212.200000 2700000000 10244.463300 263556.998639
./jibbrish-mtx-26.exe 1 26 388.748000 998.900000 9322.250000 2700000000 10375.934262 260217.531433
./jibbrish-mtx-26.exe 1 26 390.943000 1023.340000 9343.160000 2700000000 10423.008146 259042.299709
./jibbrish-mtx-26.exe 1 26 402.984000 1058.310000 9628.260000 2700000000 10751.504589 251127.642432
./jibbrish-mtx-26.exe 1 26 402.490000 1053.870000 9625.300000 2700000000 10744.827657 251283.695394
./jibbrish-mtx-26.exe 1 26 393.636000 1014.490000 9428.930000 2700000000 10502.820223 257073.808999
./jibbrish-mtx-26.exe 1 26 391.348000 991.370000 9398.130000 2700000000 10445.608580 258481.827963
./jibbrish-mtx-27.exe 1 27 424.431000 1100.700000 10563.180000 2800000000 11739.970083 238501.459553
./jibbrish-mtx-27.exe 1 27 433.121000 1150.560000 10762.650000 2800000000 11994.302296 233444.174650
./jibbrish-mtx-27.exe 1 27 414.108000 1055.240000 10340.260000 2800000000 11460.470009 244318.077505
./jibbrish-mtx-27.exe 1 27 413.659000 1056.920000 10326.600000 2800000000 11447.311872 244598.909457
./jibbrish-mtx-27.exe 1 27 451.140000 1197.270000 11199.560000 2800000000 12491.015695 224161.114545
./jibbrish-mtx-27.exe 1 27 405.221000 1044.440000 10111.440000 2800000000 11219.144431 249573.398144
./jibbrish-mtx-27.exe 1 27 414.218000 1082.780000 10313.260000 2800000000 11459.817151 244331.996155
./jibbrish-mtx-27.exe 1 27 403.995000 1047.760000 10069.360000 2800000000 11178.079336 250490.260076
./jibbrish-mtx-27.exe 1 27 404.226000 1040.090000 10080.900000 2800000000 11181.046963 250423.775991
./jibbrish-mtx-27.exe 1 27 428.756000 1130.580000 10661.100000 2800000000 11867.361807 235941.234931
./jibbrish-mtx-28.exe 1 28 441.932000 1157.120000 11432.830000 2900000000 12671.842083 228853.862060
./jibbrish-mtx-28.exe 1 28 444.272000 1172.130000 11478.930000 2900000000 12737.836195 227668.181285
./jibbrish-mtx-28.exe 1 28 441.520000 1155.640000 11421.870000 2900000000 12660.299366 229062.513936
./jibbrish-mtx-28.exe 1 28 426.441000 1121.960000 11023.050000 2900000000 12220.276072 237310.514339
./jibbrish-mtx-28.exe 1 28 434.504000 1121.720000 11260.300000 2900000000 12461.271168 232721.041128
./jibbrish-mtx-28.exe 1 28 432.917000 1123.310000 11213.830000 2900000000 12412.102010 233642.939578
./jibbrish-mtx-28.exe 1 28 423.506000 1111.690000 10953.620000 2900000000 12137.963296 238919.819527
./jibbrish-mtx-28.exe 1 28 427.662000 1116.260000 11081.380000 2900000000 12265.828641 236429.195686
./jibbrish-mtx-28.exe 1 28 479.447000 1266.180000 12386.300000 2900000000 13764.291976 210690.096166
./jibbrish-mtx-28.exe 1 28 418.645000 1086.220000 10845.250000 2900000000 12000.232739 241661.979647
./jibbrish-mtx-29.exe 1 29 483.102000 1275.060000 12955.200000 3000000000 14339.952240 209205.717691
./jibbrish-mtx-29.exe 1 29 437.184000 1142.660000 11759.020000 3000000000 12972.162922 231264.440477
./jibbrish-mtx-29.exe 1 29 478.748000 1236.160000 12879.500000 3000000000 14213.926111 211060.615947
./jibbrish-mtx-29.exe 1 29 456.495000 1185.630000 12273.330000 3000000000 13542.562268 221523.810684
./jibbrish-mtx-29.exe 1 29 434.751000 1100.410000 11734.010000 3000000000 12901.449624 232532.008986
./jibbrish-mtx-29.exe 1 29 447.830000 1160.790000 12046.500000 3000000000 13284.942176 225819.575290
./jibbrish-mtx-29.exe 1 29 449.188000 1145.130000 12099.310000 3000000000 13323.116823 225172.535812
./jibbrish-mtx-29.exe 1 29 439.105000 1120.130000 11839.300000 3000000000 13030.795281 230223.860883
./jibbrish-mtx-29.exe 1 29 450.697000 1165.900000 12122.710000 3000000000 13367.995503 224416.592542
./jibbrish-mtx-29.exe 1 29 446.905000 1137.320000 12049.370000 3000000000 13260.455230 226236.576953
